[template223295.motopreview.com/index.html]
[backblue.gif]
[fade.gif]
[index.html]
[template223295.motopreview.com/mt-demo/223200/223295/mt-content/uploads/2021/10/mt-2266-favicon1046.ico]
[template223295.motopreview.com/mt-includes/fonts/fontawesome-webfont3e6e.woff2]
[template223295.motopreview.com/store/index.html]
[template223295.motopreview.com/mt-includes/css/assets.min8e9c.css]
[template223295.motopreview.com/mt-demo/223200/223295/mt-content/assets/stylese438.css]
[template223295.motopreview.com/mt-demo/223200/223295/mt-content/plugins/moto-store-plugin/src/public/assets/css/main12ee.css]
[template223295.motopreview.com/mt-demo/223200/223295/mt-content/uploads/2021/10/mt-2266-home-bg.jpg]
[template223295.motopreview.com/collection/index.html]
[template223295.motopreview.com/store/category/bakery/index.html]
[template223295.motopreview.com/mt-demo/223200/223295/mt-content/uploads/2021/10/mt-2266-home-img1.jpg]
[template223295.motopreview.com/store/category/caramels/index.html]
[template223295.motopreview.com/mt-demo/223200/223295/mt-content/uploads/2021/10/mt-2266-home-img2.jpg]
[template223295.motopreview.com/store/category/chocolate/index.html]
[template223295.motopreview.com/store/category/ice-cream/index.html]
[template223295.motopreview.com/store/category/cookies/index.html]
[template223295.motopreview.com/mt-demo/223200/223295/mt-content/uploads/2021/10/mt-2266-home-img3.jpg]
[template223295.motopreview.com/blog/index.html]
[template223295.motopreview.com/store/category/sale/index.html]
[template223295.motopreview.com/mt-demo/223200/223295/mt-content/uploads/2021/10/mt-2266-home-gallery-img5-l.jpg]
[template223295.motopreview.com/contacts/index.html]
[template223295.motopreview.com/mt-demo/223200/223295/mt-content/uploads/2021/10/mt-2266-home-gallery-img1-l.jpg]
[template223295.motopreview.com/store/product/turtle-cake/index.html]
[template223295.motopreview.com/mt-demo/223200/223295/mt-content/uploads/2021/10/mt-2266-home-gallery-img2-l.jpg]
[template223295.motopreview.com/mt-demo/223200/223295/mt-content/uploads/2021/10/mt-2266-home-gallery-img3-l.jpg]
[template223295.motopreview.com/mt-demo/223200/223295/mt-content/uploads/2021/10/mt-2266-home-gallery-img6-l.jpg]
[template223295.motopreview.com/store/product/honey-cake/index.html]
[template223295.motopreview.com/mt-demo/223200/223295/mt-content/uploads/2021/10/mt-2266-home-gallery-img4-l.jpg]
[template223295.motopreview.com/store/product/chocolate-cake/index.html]
[template223295.motopreview.com/mt-demo/223200/223295/mt-content/uploads/2021/10/mt-2266-blog-img4.jpg]
[template223295.motopreview.com/store/product/nute-cupcake/index.html]
[template223295.motopreview.com/store/product/carrot-cake/index.html]
[template223295.motopreview.com/mt-demo/223200/223295/mt-content/uploads/2021/10/mt-2266-blog-img5.jpg]
[template223295.motopreview.com/store/product/sponge-cake/index.html]
[template223295.motopreview.com/mt-demo/223200/223295/mt-content/uploads/2021/10/mt-2266-footer-img1-l.jpg]
[template223295.motopreview.com/store/product/cupcake-chocolate/index.html]
[template223295.motopreview.com/store/product/basic-sponge-chocolate/index.html]
[template223295.motopreview.com/blog/salted-caramel-pear-cake/index.html]
[template223295.motopreview.com/mt-demo/223200/223295/mt-content/uploads/2021/10/mt-2266-footer-img2-l.jpg]
[template223295.motopreview.com/blog/baileys-pumpkin-spice-cupcakes/index.html]
[template223295.motopreview.com/mt-demo/223200/223295/mt-content/uploads/2021/10/mt-2266-footer-img3-l.jpg]
[template223295.motopreview.com/mt-demo/223200/223295/mt-content/uploads/2021/10/mt-2266-footer-img4-l.jpg]
[template223295.motopreview.com/privacy-policy/index.html]
[template223295.motopreview.com/api.php/index.html]
[template223295.motopreview.com/mt-includes/js/website.min8528.js]
[template223295.motopreview.com/index.html]
[template223295.motopreview.com/mt-demo/223200/223295/mt-content/plugins/moto-store-plugin/src/public/assets/js/moto.store.site.min.js]
[template223295.motopreview.com/store/index.html]
[template223295.motopreview.com/mt-includes/css/assets.min8e9c.css]
[template223295.motopreview.com/mt-demo/223200/223295/mt-content/assets/stylese438.css]
[template223295.motopreview.com/mt-demo/223200/223295/mt-content/plugins/moto-store-plugin/src/public/assets/css/main12ee.css]
[template223295.motopreview.com/collection/index.html]
[template223295.motopreview.com/store/category/bakery/index.html]
[template223295.motopreview.com/store/category/caramels/index.html]
[template223295.motopreview.com/store/category/chocolate/index.html]
[template223295.motopreview.com/store/category/ice-cream/index.html]
[template223295.motopreview.com/store/category/cookies/index.html]
[template223295.motopreview.com/store/category/sale/index.html]
[template223295.motopreview.com/blog/index.html]
[template223295.motopreview.com/contacts/index.html]
[template223295.motopreview.com/2021/10/mt-2266-home-bg.jpg/index.html]
[template223295.motopreview.com/store/product/turtle-cake/index.html]
[template223295.motopreview.com/store/product/honey-cake/index.html]
[template223295.motopreview.com/store/product/chocolate-cake/index.html]
[template223295.motopreview.com/store/product/nute-cupcake/index.html]
[template223295.motopreview.com/mt-includes/js/website.assets.minfb11.js]
[template223295.motopreview.com/store/product/carrot-cake/index.html]
[template223295.motopreview.com/store/product/sponge-cake/index.html]
[template223295.motopreview.com/store/product/cupcake-chocolate/index.html]
[template223295.motopreview.com/store/product/basic-sponge-chocolate/index.html]
[template223295.motopreview.com/blog/salted-caramel-pear-cake/index.html]
[template223295.motopreview.com/blog/baileys-pumpkin-spice-cupcakes/index.html]
[template223295.motopreview.com/privacy-policy/index.html]
